// Jest Snapshot v1, https://goo.gl/fbAQLP

exports[`<RestrictedRoute /> should render without crashing 1`] = `
<DocumentFragment>
  <h1>
    Hello
  </h1>
</DocumentFragment>
`;
